// Jest Snapshot v1, https://goo.gl/fbAQLP

exports[`PrimeraApp test Debe mostrar <PrimeraApp /> correctamente 1`] = `
<Fragment>
  <h1>
    Hola
    !!!
  </h1>
  <p>
    Soy un subtitulo
  </p>
</Fragment>
`;
